I'm sorry, but errors were detected in your script. Please correct the
errors listed below, and try again.


File "game/Endings.rpy", line 882: expected 'simple_expression' not found.
    show Emma envy with at left with moveinleft
                        ^

File "game/Endings.rpy", line 888: expected 'simple_expression' not found.
    show Emma smug with at left with moveinleft
                        ^

Ren'Py Version: Ren'Py 7.4.3.1414
Tue Apr  6 06:54:32 2021
